223.104.236.81 - - [15/Nov/2022:10:19:19 +0800] "GET /user/simple/info?data=eyJzaWQiOiJwcm9kLnFXR3lCZSJ9 HTTP/1.1" 200 74 "-" "Dart/2.15 (dart:io)"
223.104.236.81 - - [15/Nov/2022:10:19:19 +0800] "GET /user/simple/info?data=eyJzaWQiOiJwcm9kLlYwWHdtZSJ9 HTTP/1.1" 200 189 "-" "Dart/2.15 (dart:io)"
223.104.236.81 - - [15/Nov/2022:10:19:20 +0800] "GET /research/patient/risk/prod.W552YW HTTP/1.1" 200 41 "-" "Dart/2.15 (dart:io)"
223.104.236.81 - - [15/Nov/2022:10:19:24 +0800] "GET /patient/accounts/family/unbind/notice HTTP/1.1" 200 42 "-" "Dart/2.15 (dart:io)"
223.104.236.81 - - [15/Nov/2022:10:19:24 +0800] "POST /equipment/log HTTP/1.1" 200 32 "-" "Dart/2.15 (dart:io)"
223.104.236.81 - - [15/Nov/2022:10:19:24 +0800] "GET /patient/accounts/family/invitation?data=eyJzaWQiOiJwcm9kLlc1NTJZVyJ9 HTTP/1.1" 200 45 "-" "Dart/2.15 (dart:io)"
114.254.2.83 - - [15/Nov/2022:10:19:28 +0800] "GET /research/project/prod.WlxEAW HTTP/1.1" 200 39 "-" "Dart/2.15 (dart:io)"
114.254.2.83 - - [15/Nov/2022:10:19:36 +0800] "GET /research/project/prod.WlxEAW HTTP/1.1" 200 39 "-" "Dart/2.15 (dart:io)"
175.167.139.155 - - [15/Nov/2022:10:19:36 +0800] "GET /base/online_config HTTP/1.1" 200 83 "-" "Dart/2.15 (dart:io)"
175.167.139.155 - - [15/Nov/2022:10:19:36 +0800] "POST /equipment/log HTTP/1.1" 200 32 "-" "Dart/2.15 (dart:io)"
175.167.139.155 - - [15/Nov/2022:10:19:37 +0800] "GET /v1/ms/sessions?data=eyJwYWdlQXQiOjEsInBhZ2VTaXplIjoxMH0%3D HTTP/1.1" 200 10338 "-" "Dart/2.15 (dart:io)"
175.167.139.155 - - [15/Nov/2022:10:19:37 +0800] "GET /user/wcl_details?data=eyJ3Y0lkcyI6WyJwcm9kLldvNVpsZSJdfQ%3D%3D HTTP/1.1" 200 3147 "-" "Dart/2.15 (dart:io)"
175.167.139.155 - - [15/Nov/2022:10:19:37 +0800] "GET /v1/ms/session/state/522561652242948,557561667788197,557541667787824,163861625718598,479151644901504,478721644798241,476021643337289,471731642293975,469711641621071,469631641606537,454071639364371,417041638148717,344911637000040,316441633137855,306251632703936,222521630543092,322101633997772,317321633229304,317271633159164,317211633154703 HTTP/1.1" 200 890 "-" "Dart/2.15 (dart:io)"
175.167.139.155 - - [15/Nov/2022:10:19:37 +0800] "GET /v1/ms/session/state/316421633136856,234881630973567,234861630973307,214771629678076,210231628901078,183981625718589,166871623472683,556971667182062,554701663830978,490411646969655,556351665716492,554551663654279,554781664249748,554261663114622,554681663830523,554521663653444,532621658109298,502171648610224,549531662173133,540451661735191 HTTP/1.1" 200 890 "-" "Dart/2.15 (dart:io)"
175.167.139.155 - - [15/Nov/2022:10:19:37 +0800] "GET /v1/ms/sessions?data=eyJwYWdlQXQiOjIsInBhZ2VTaXplIjoxMH0%3D HTTP/1.1" 200 9251 "-" "Dart/2.15 (dart:io)"
175.167.139.155 - - [15/Nov/2022:10:19:37 +0800] "GET /v1/ms/session/state/205881628591724,539831661134571,535551658812691,538941660445823,539661660781003,538511660274038,537781659774501,537551659414933,537571659415779,535751658911940,532601658106053,531911657501405,532571657931754,532461657842550,531281656897445,531211656642535,530431655340652,530451655341308,530271654911504,530211654669302 HTTP/1.1" 200 890 "-" "Dart/2.15 (dart:io)"
175.167.139.155 - - [15/Nov/2022:10:19:37 +0800] "GET /v1/ms/session/state/530091654479413,530161654578078,530181654578125,529401653364780,516511649818500,527351652685077,524901652492761,480991645062844,502141648610021,516771649911133,502071648609567,502221648610699,501461648429669,484311645594473,493241647652464,493271647674136,476041643337377,490451646975412,490431646969736,488671646289418 HTTP/1.1" 200 890 "-" "Dart/2.15 (dart:io)"
175.167.139.155 - - [15/Nov/2022:10:19:37 +0800] "GET /v1/ms/session/state/484831645668730,481111645077631,476001643336779,483771645489670,481091645070600,474091642998175,476091643338288,476111643338485,475981643336285,467001641448842,454431639446775,428911638231297,418831638155972,347871637475621,346351637201746,331211635256239,328131634525486,307261632876577,321851633915035,317341633230239 HTTP/1.1" 200 890 "-" "Dart/2.15 (dart:io)"
175.167.139.155 - - [15/Nov/2022:10:19:37 +0800] "GET /v1/ms/sessions?data=eyJwYWdlQXQiOjMsInBhZ2VTaXplIjoxMH0%3D HTTP/1.1" 200 8393 "-" "Dart/2.15 (dart:io)"
175.167.139.155 - - [15/Nov/2022:10:19:37 +0800] "GET /v1/ms/session/state/306231632703867,305121632455917,301001631950373,234891630975165,222711630551287,215851629873647,212121629246501,212101629246443,210941629074510,204421628478670,203921628386763,203901628386659,201291627778783,200981627623933,196011626924545,195991626924389,187511626052360 HTTP/1.1" 200 764 "-" "Dart/2.15 (dart:io)"
175.167.139.155 - - [15/Nov/2022:10:19:38 +0800] "GET /v1/ms/sessions?data=eyJwYWdlQXQiOjQsInBhZ2VTaXplIjoxMH0%3D HTTP/1.1" 200 8128 "-" "Dart/2.15 (dart:io)"
175.167.139.155 - - [15/Nov/2022:10:19:38 +0800] "GET /v1/ms/sessions?data=eyJwYWdlQXQiOjUsInBhZ2VTaXplIjoxMH0%3D HTTP/1.1" 200 9424 "-" "Dart/2.15 (dart:io)"
175.167.139.155 - - [15/Nov/2022:10:19:38 +0800] "GET /base/version/latest?data=eyJhcHBDYXRlZ29yeSI6Miwic3lzdGVtQ2F0ZWdvcnkiOiJBTkRST0lEIn0%3D HTTP/1.1" 200 418 "-" "Dart/2.15 (dart:io)"
175.167.139.155 - - [15/Nov/2022:10:19:38 +0800] "GET /user/wcl_details?data=eyJ3Y0lkcyI6WyJwcm9kLldvNVpsZSJdfQ%3D%3D HTTP/1.1" 200 3147 "-" "Dart/2.15 (dart:io)"
175.167.139.155 - - [15/Nov/2022:10:19:38 +0800] "GET /doctor/organizations HTTP/1.1" 200 16523 "-" "Dart/2.15 (dart:io)"
175.167.139.155 - - [15/Nov/2022:10:19:39 +0800] "GET /v1/ms/sessions?data=eyJwYWdlQXQiOjYsInBhZ2VTaXplIjoxMH0%3D HTTP/1.1" 200 7413 "-" "Dart/2.15 (dart:io)"
175.167.139.155 - - [15/Nov/2022:10:19:39 +0800] "GET /v1/ms/sessions?data=eyJwYWdlQXQiOjcsInBhZ2VTaXplIjoxMH0%3D HTTP/1.1" 200 7723 "-" "Dart/2.15 (dart:io)"
175.167.139.155 - - [15/Nov/2022:10:19:40 +0800] "GET /v1/ms/sessions?data=eyJwYWdlQXQiOjgsInBhZ2VTaXplIjoxMH0%3D HTTP/1.1" 200 8088 "-" "Dart/2.15 (dart:io)"
175.167.139.155 - - [15/Nov/2022:10:19:40 +0800] "GET /v1/ms/sessions?data=eyJwYWdlQXQiOjksInBhZ2VTaXplIjoxMH0%3D HTTP/1.1" 200 10397 "-" "Dart/2.15 (dart:io)"
175.167.139.155 - - [15/Nov/2022:10:19:41 +0800] "GET /v1/ms/sessions?data=eyJwYWdlQXQiOjEwLCJwYWdlU2l6ZSI6MTB9 HTTP/1.1" 200 8820 "-" "Dart/2.15 (dart:io)"
175.167.139.155 - - [15/Nov/2022:10:19:41 +0800] "GET /v1/ms/sessions?data=eyJwYWdlQXQiOjExLCJwYWdlU2l6ZSI6MTB9 HTTP/1.1" 200 7526 "-" "Dart/2.15 (dart:io)"
175.167.139.155 - - [15/Nov/2022:10:19:41 +0800] "GET /v1/ms/sessions?data=eyJwYWdlQXQiOjEyLCJwYWdlU2l6ZSI6MTB9 HTTP/1.1" 200 6043 "-" "Dart/2.15 (dart:io)"
175.167.139.155 - - [15/Nov/2022:10:19:42 +0800] "GET /v1/ms/sessions?data=eyJwYWdlQXQiOjEzLCJwYWdlU2l6ZSI6MTB9 HTTP/1.1" 200 58 "-" "Dart/2.15 (dart:io)"
223.104.236.81 - - [15/Nov/2022:10:19:43 +0800] "GET /user/prod.W6xEPe/alone_team HTTP/1.1" 200 329 "-" "Dart/2.15 (dart:io)"
114.254.2.83 - - [15/Nov/2022:10:19:43 +0800] "GET /research/project/prod.WlxEAW HTTP/1.1" 200 39 "-" "Dart/2.15 (dart:io)"
223.104.236.81 - - [15/Nov/2022:10:19:45 +0800] "POST /patient/team_bind/prod.ex7jJ4/prod.W6xEPe/own HTTP/1.1" 200 32 "-" "Dart/2.15 (dart:io)"
223.104.236.81 - - [15/Nov/2022:10:19:46 +0800] "GET /user/wcl_details?data=eyJ3Y0lkcyI6WyJwcm9kLmV4N2pKNCJdfQ%3D%3D HTTP/1.1" 200 2215 "-" "Dart/2.15 (dart:io)"
223.104.236.81 - - [15/Nov/2022:10:19:46 +0800] "GET /user/wcl_details?data=eyJ3Y0lkcyI6WyJwcm9kLldRcnpKNCJdfQ%3D%3D HTTP/1.1" 200 2215 "-" "Dart/2.15 (dart:io)"
175.167.139.155 - - [15/Nov/2022:10:19:47 +0800] "GET /v1/ms/session/detail/560621668478757?data=eyJzZXNzaW9uX2lkIjoiNTYwNjIxNjY4NDc4NzU3In0%3D HTTP/1.1" 200 855 "-" "Dart/2.15 (dart:io)"
223.104.236.81 - - [15/Nov/2022:10:19:47 +0800] "GET /research/patient/risk/prod.W552YW HTTP/1.1" 200 41 "-" "Dart/2.15 (dart:io)"
223.104.236.81 - - [15/Nov/2022:10:19:47 +0800] "GET /v1/ms/patient/session/prod.WQrzJ4 HTTP/1.1" 200 825 "-" "Dart/2.15 (dart:io)"
223.104.236.81 - - [15/Nov/2022:10:19:47 +0800] "GET /patient/team/own HTTP/1.1" 200 18280 "-" "Dart/2.15 (dart:io)"
223.104.236.81 - - [15/Nov/2022:10:19:49 +0800] "POST /v1/ms/yx/message HTTP/1.1" 200 69 "-" "Dart/2.15 (dart:io)"
223.104.236.81 - - [15/Nov/2022:10:19:56 +0800] "GET /patient/accounts/family/unbind/notice HTTP/1.1" 200 42 "-" "Dart/2.15 (dart:io)"
223.104.236.81 - - [15/Nov/2022:10:19:56 +0800] "POST /equipment/log HTTP/1.1" 200 32 "-" "Dart/2.15 (dart:io)"
223.104.236.81 - - [15/Nov/2022:10:19:56 +0800] "GET /patient/accounts/family/invitation?data=eyJzaWQiOiJwcm9kLlc1NTJZVyJ9 HTTP/1.1" 200 45 "-" "Dart/2.15 (dart:io)"
117.136.90.151 - - [15/Nov/2022:10:20:08 +0800] "PATCH /user/settings/info/own HTTP/1.1" 200 32 "-" "Dart/2.15 (dart:io)"
117.136.90.151 - - [15/Nov/2022:10:20:08 +0800] "GET /user/wcl_details?data=eyJ3Y0lkcyI6WyJwcm9kLmVBVmFaMCJdfQ%3D%3D HTTP/1.1" 200 2084 "-" "Dart/2.15 (dart:io)"
117.136.90.151 - - [15/Nov/2022:10:20:09 +0800] "GET /doctor/organizations HTTP/1.1" 200 7577 "-" "Dart/2.15 (dart:io)"
114.254.2.83 - - [15/Nov/2022:10:20:47 +0800] "POST /v1/ms/yx/message HTTP/1.1" 200 69 "-" "Dart/2.15 (dart:io)"
114.254.2.83 - - [15/Nov/2022:10:20:47 +0800] "GET /v1/ms/session/detail/329451634735125?data=eyJzZXNzaW9uX2lkIjoiMzI5NDUxNjM0NzM1MTI1In0%3D HTTP/1.1" 200 1108 "-" "Dart/2.15 (dart:io)"
114.254.2.83 - - [15/Nov/2022:10:20:48 +0800] "PATCH /v1/ms/session HTTP/1.1" 200 32 "-" "Dart/2.15 (dart:io)"
114.254.2.83 - - [15/Nov/2022:10:20:48 +0800] "GET /v1/ms/session/detail/34251623470444?data=eyJzZXNzaW9uX2lkIjoiMzQyNTE2MjM0NzA0NDQifQ%3D%3D HTTP/1.1" 200 1004 "-" "Dart/2.15 (dart:io)"
114.254.2.83 - - [15/Nov/2022:10:20:48 +0800] "PATCH /v1/ms/session HTTP/1.1" 200 32 "-" "Dart/2.15 (dart:io)"
114.254.2.83 - - [15/Nov/2022:10:20:49 +0800] "POST /ms/unread/count HTTP/1.1" 200 42 "-" "Dart/2.15 (dart:io)"
114.254.2.83 - - [15/Nov/2022:10:20:49 +0800] "GET /doctor/patients/own?data=eyJ0YXJnZXRTSWQiOiJwcm9kLmVFMW12ZSIsInNpZCI6InByb2QucFc2bnJXIn0%3D HTTP/1.1" 200 3644 "-" "Dart/2.15 (dart:io)"
114.254.2.83 - - [15/Nov/2022:10:20:49 +0800] "GET /life/status?data=eyJ3Y0lkIjoicHJvZC4wWnhaMjQiLCJwYWdlQXQiOjEsInBhZ2VTaXplIjoxLCJzdGFydFRpbWUiOjE2NjgzNTUyMDAwMDAsImVuZFRpbWUiOjE2Njg0NDE2MDAwMDAsInR5cGUiOiJTVEVQIiwic2lkIjoicHJvZC5lRTFtdmUifQ%3D%3D HTTP/1.1" 200 59 "-" "Dart/2.15 (dart:io)"
114.254.2.83 - - [15/Nov/2022:10:20:49 +0800] "GET /user/wcl_details?data=eyJ3Y0lkcyI6WyJwcm9kLjBaeFoyNCJdfQ%3D%3D HTTP/1.1" 200 2589 "-" "Dart/2.15 (dart:io)"
114.254.2.83 - - [15/Nov/2022:10:20:49 +0800] "GET /research/show/end_event/prod.eE1mve HTTP/1.1" 200 57 "-" "Dart/2.15 (dart:io)"
114.254.2.83 - - [15/Nov/2022:10:20:49 +0800] "GET /diagnosis/treatment?data=eyJzaWQiOiJwcm9kLmVFMW12ZSJ9 HTTP/1.1" 200 285 "-" "Dart/2.15 (dart:io)"
114.254.2.83 - - [15/Nov/2022:10:20:49 +0800] "GET /medicine_plans?data=eyJzaWQiOiJwcm9kLmVFMW12ZSIsInRpbWVSYW5nZSI6eyJzdGFydCI6MTY2ODQ3ODg0ODExNiwiZW5kIjpudWxsfSwiaXNDb250YWluc0N1cnJlbnQiOnRydWUsImFnZ3JlZ2F0aW9uVHlwZSI6MH0%3D HTTP/1.1" 200 1785 "-" "Dart/2.15 (dart:io)"
114.254.2.83 - - [15/Nov/2022:10:20:49 +0800] "GET /box_info/box/doctor/prod.eE1mve HTTP/1.1" 200 32 "-" "Dart/2.15 (dart:io)"
114.254.2.83 - - [15/Nov/2022:10:20:49 +0800] "GET /medical_record?data=eyJzaWQiOiJwcm9kLmVFMW12ZSJ9 HTTP/1.1" 200 96 "-" "Dart/2.15 (dart:io)"
114.254.2.83 - - [15/Nov/2022:10:20:49 +0800] "GET /research/patient/risk/prod.eE1mve HTTP/1.1" 200 41 "-" "Dart/2.15 (dart:io)"
114.254.2.83 - - [15/Nov/2022:10:20:49 +0800] "GET /diagnosis?data=eyJzaWQiOiJwcm9kLmVFMW12ZSJ9 HTTP/1.1" 200 48 "-" "Dart/2.15 (dart:io)"
114.254.2.83 - - [15/Nov/2022:10:20:50 +0800] "GET /v1/ms/reply/message?data=eyJwYWdlQXQiOjEsInBhZ2VTaXplIjoyMCwibnNlc3Npb25JZCI6IjM0MjUxNjIzNDcwNDQ0IiwiYmVnaW5UaW1lIjoxNjY4NDI0OTYzMzQwLCJlbmRUaW1lIjoxNjY4NDc4ODQ4MTc0fQ%3D%3D HTTP/1.1" 200 49 "-" "Dart/2.15 (dart:io)"
114.254.2.83 - - [15/Nov/2022:10:20:50 +0800] "GET /research/crf/scale/doctor/prod.eE1mve HTTP/1.1" 200 46 "-" "Dart/2.15 (dart:io)"
114.254.2.83 - - [15/Nov/2022:10:20:50 +0800] "GET /v1/ms/yx/im_messages?data=eyJhc3NvY2lhdGVTSWQiOiJwcm9kLmVFMW12ZSIsInBhZ2VBdCI6MSwicGFnZVNpemUiOjIwLCJuc2Vzc2lvbklkIjoiMzQyNTE2MjM0NzA0NDQiLCJiZWdpblRpbWUiOjE2Njg0MjQ5NjMzNDAsImVuZFRpbWUiOjE2Njg0Nzg4NDg3NDN9 HTTP/1.1" 200 6098 "-" "Dart/2.15 (dart:io)"
114.254.2.83 - - [15/Nov/2022:10:21:00 +0800] "GET /research/project/prod.eE1mve HTTP/1.1" 200 39 "-" "Dart/2.15 (dart:io)"
117.136.90.151 - - [15/Nov/2022:10:21:02 +0800] "POST /equipment/log HTTP/1.1" 200 32 "-" "Dart/2.15 (dart:io)"
117.136.90.151 - - [15/Nov/2022:10:21:02 +0800] "GET /v1/ms/sessions?data=eyJwYWdlQXQiOjEsInBhZ2VTaXplIjoxMH0%3D HTTP/1.1" 200 56 "-" "Dart/2.15 (dart:io)"
117.136.90.151 - - [15/Nov/2022:10:21:02 +0800] "POST /equipment/log HTTP/1.1" 200 32 "-" "Dart/2.15 (dart:io)"
117.136.90.151 - - [15/Nov/2022:10:21:02 +0800] "POST /equipment/log HTTP/1.1" 200 32 "-" "Dart/2.15 (dart:io)"
114.254.2.83 - - [15/Nov/2022:10:21:08 +0800] "GET /research/project/prod.eE1mve HTTP/1.1" 200 39 "-" "Dart/2.15 (dart:io)"
117.136.90.151 - - [15/Nov/2022:10:21:21 +0800] "GET /v1/ms/sessions?data=eyJwYWdlQXQiOjEsInBhZ2VTaXplIjoxMH0%3D HTTP/1.1" 200 56 "-" "Dart/2.15 (dart:io)"
117.136.90.151 - - [15/Nov/2022:10:21:21 +0800] "POST /equipment/log HTTP/1.1" 200 32 "-" "Dart/2.15 (dart:io)"
117.136.90.151 - - [15/Nov/2022:10:21:21 +0800] "POST /equipment/log HTTP/1.1" 200 32 "-" "Dart/2.15 (dart:io)"
117.136.90.151 - - [15/Nov/2022:10:21:21 +0800] "POST /equipment/log HTTP/1.1" 200 32 "-" "Dart/2.15 (dart:io)"
114.254.2.83 - - [15/Nov/2022:10:21:36 +0800] "GET /research/project/prod.eE1mve HTTP/1.1" 200 39 "-" "Dart/2.15 (dart:io)"
114.254.2.83 - - [15/Nov/2022:10:21:45 +0800] "GET /medicine/taboo?data=eyJtZWRpY2luZUlkIjoicHJvZC5XR3JyZEUiLCJzaWQiOiJwcm9kLmVFMW12ZSIsInR5cGUiOiJBREpVU1RfTUUifQ%3D%3D HTTP/1.1" 200 694 "-" "Dart/2.15 (dart:io)"
117.136.90.151 - - [15/Nov/2022:10:21:48 +0800] "GET /v1/ms/sessions?data=eyJwYWdlQXQiOjEsInBhZ2VTaXplIjoxMH0%3D HTTP/1.1" 200 56 "-" "Dart/2.15 (dart:io)"
117.136.90.151 - - [15/Nov/2022:10:21:48 +0800] "POST /equipment/log HTTP/1.1" 200 32 "-" "Dart/2.15 (dart:io)"
117.136.90.151 - - [15/Nov/2022:10:21:48 +0800] "POST /equipment/log HTTP/1.1" 200 32 "-" "Dart/2.15 (dart:io)"
117.136.90.151 - - [15/Nov/2022:10:21:48 +0800] "POST /equipment/log HTTP/1.1" 200 32 "-" "Dart/2.15 (dart:io)"
114.254.2.83 - - [15/Nov/2022:10:21:57 +0800] "GET /medicine/multiple_params?data=eyJwYWdlQXQiOjEsInBhZ2VTaXplIjoxMCwiYXBwcm92YWxObyI6IiIsImNvbW1vZGl0eU5hbWUiOiIiLCJjb21wYW55TmFtZSI6IiIsImdlbmVyaWNOYW1lIjoi5Y6E6LSd5rKZ5Z2mIn0%3D HTTP/1.1" 200 22859 "-" "Dart/2.15 (dart:io)"
114.254.2.83 - - [15/Nov/2022:10:22:06 +0800] "GET /medicine/multiple_params?data=eyJwYWdlQXQiOjIsInBhZ2VTaXplIjoxMCwiYXBwcm92YWxObyI6IiIsImNvbW1vZGl0eU5hbWUiOiIiLCJjb21wYW55TmFtZSI6IiIsImdlbmVyaWNOYW1lIjoi5Y6E6LSd5rKZ5Z2mIn0%3D HTTP/1.1" 200 36564 "-" "Dart/2.15 (dart:io)"
114.254.2.83 - - [15/Nov/2022:10:22:14 +0800] "GET /medicine/multiple_params?data=eyJwYWdlQXQiOjMsInBhZ2VTaXplIjoxMCwiYXBwcm92YWxObyI6IiIsImNvbW1vZGl0eU5hbWUiOiIiLCJjb21wYW55TmFtZSI6IiIsImdlbmVyaWNOYW1lIjoi5Y6E6LSd5rKZ5Z2mIn0%3D HTTP/1.1" 200 21050 "-" "Dart/2.15 (dart:io)"
114.254.2.83 - - [15/Nov/2022:10:22:26 +0800] "GET /medical/index/last?data=eyJzaWQiOiJwcm9kLmVFMW12ZSIsIndjSWQiOiJwcm9kLjBaeFoyNCJ9 HTTP/1.1" 200 1317 "-" "Dart/2.15 (dart:io)"
114.254.2.83 - - [15/Nov/2022:10:22:26 +0800] "GET /life/status?data=eyJ3Y0lkIjoicHJvZC4wWnhaMjQiLCJzaWQiOiJwcm9kLmVFMW12ZSIsInR5cGUiOiJTUE9SVCIsInBhZ2VTaXplIjoxMH0%3D HTTP/1.1" 200 59 "-" "Dart/2.15 (dart:io)"
114.254.2.83 - - [15/Nov/2022:10:22:26 +0800] "GET /life/status?data=eyJ3Y0lkIjoicHJvZC4wWnhaMjQiLCJzaWQiOiJwcm9kLmVFMW12ZSIsInR5cGUiOiJESUVUIiwicGFnZVNpemUiOjEwfQ%3D%3D HTTP/1.1" 200 70 "-" "Dart/2.15 (dart:io)"
114.254.2.83 - - [15/Nov/2022:10:22:26 +0800] "GET /life/status?data=eyJ3Y0lkIjoicHJvZC4wWnhaMjQiLCJzaWQiOiJwcm9kLmVFMW12ZSIsInR5cGUiOiJTTEVFUCIsInBhZ2VTaXplIjoxMH0%3D HTTP/1.1" 200 59 "-" "Dart/2.15 (dart:io)"
114.254.2.83 - - [15/Nov/2022:10:22:26 +0800] "GET /research/project/prod.eE1mve HTTP/1.1" 200 39 "-" "Dart/2.15 (dart:io)"
114.254.2.83 - - [15/Nov/2022:10:22:30 +0800] "GET /research/project/prod.eE1mve HTTP/1.1" 200 39 "-" "Dart/2.15 (dart:io)"
114.254.2.83 - - [15/Nov/2022:10:22:32 +0800] "GET /research/project/prod.eE1mve HTTP/1.1" 200 39 "-" "Dart/2.15 (dart:io)"
117.136.90.151 - - [15/Nov/2022:10:22:34 +0800] "GET /v1/ms/sessions?data=eyJwYWdlQXQiOjEsInBhZ2VTaXplIjoxMH0%3D HTTP/1.1" 200 56 "-" "Dart/2.15 (dart:io)"
117.136.90.151 - - [15/Nov/2022:10:22:34 +0800] "POST /equipment/log HTTP/1.1" 200 32 "-" "Dart/2.15 (dart:io)"
117.136.90.151 - - [15/Nov/2022:10:22:34 +0800] "POST /equipment/log HTTP/1.1" 200 32 "-" "Dart/2.15 (dart:io)"
117.136.90.151 - - [15/Nov/2022:10:22:34 +0800] "POST /equipment/log HTTP/1.1" 200 32 "-" "Dart/2.15 (dart:io)"
103.91.179.207 - - [15/Nov/2022:10:22:34 +0800] "OPTIONS /organization?data=eyJpZCI6InByb2QuNHFET1ZXIiwibmFtZSI6IuS4reWbveWMu%2BWtpuenkeWtpumZoumYnOWkluW%2Fg%2BihgOeuoeeXheWMu%2BmZoiJ9 HTTP/1.1" 200 0 "https://d.xinzhili.cn/" "Mozilla/5.0 (Windows NT 10.0; Win64; x64) AppleWebKit/537.36 (KHTML, like Gecko) Chrome/107.0.0.0 Safari/537.36"
103.91.179.207 - - [15/Nov/2022:10:22:35 +0800] "GET /organization?data=eyJpZCI6InByb2QuNHFET1ZXIiwibmFtZSI6IuS4reWbveWMu%2BWtpuenkeWtpumZoumYnOWkluW%2Fg%2BihgOeuoeeXheWMu%2BmZoiJ9 HTTP/1.1" 200 256 "https://d.xinzhili.cn/" "Mozilla/5.0 (Windows NT 10.0; Win64; x64) AppleWebKit/537.36 (KHTML, like Gecko) Chrome/107.0.0.0 Safari/537.36"
103.91.179.207 - - [15/Nov/2022:10:22:35 +0800] "OPTIONS /organization?data=eyJpZCI6InByb2QuV1E3b3BlIiwibmFtZSI6IuWbveWutuW%2Fg%2BiEj%2BeXheS4reW%2Fg%2BmYnOWkluWMu%2BmZoiJ9 HTTP/1.1" 200 0 "https://d.xinzhili.cn/" "Mozilla/5.0 (Windows NT 10.0; Win64; x64) AppleWebKit/537.36 (KHTML, like Gecko) Chrome/107.0.0.0 Safari/537.36"
103.91.179.207 - - [15/Nov/2022:10:22:35 +0800] "GET /organization?data=eyJpZCI6InByb2QuV1E3b3BlIiwibmFtZSI6IuWbveWutuW%2Fg%2BiEj%2BeXheS4reW%2Fg%2BmYnOWkluWMu%2BmZoiJ9 HTTP/1.1" 200 62 "https://d.xinzhili.cn/" "Mozilla/5.0 (Windows NT 10.0; Win64; x64) AppleWebKit/537.36 (KHTML, like Gecko) Chrome/107.0.0.0 Safari/537.36"
103.91.179.207 - - [15/Nov/2022:10:22:35 +0800] "GET /organization?data=eyJpZCI6InByb2QuV1E3b3BlIiwibmFtZSI6IuWbveWutuW%2Fg%2BiEj%2BeXheS4reW%2Fg%2BmYnOWkluWMu%2BmZoiJ9 HTTP/1.1" 200 62 "https://d.xinzhili.cn/" "Mozilla/5.0 (Windows NT 10.0; Win64; x64) AppleWebKit/537.36 (KHTML, like Gecko) Chrome/107.0.0.0 Safari/537.36"
103.91.179.207 - - [15/Nov/2022:10:22:38 +0800] "GET /organization?data=eyJpZCI6InByb2QuZUVMekI0IiwibmFtZSI6IuS4reWbveWMu%2BWtpuenkeWtpumZoumYnOWkluW%2Fg%2BihgOeuoeeXheWMu%2BmZoiJ9 HTTP/1.1" 200 230 "https://d.xinzhili.cn/" "Mozilla/5.0 (Windows NT 10.0; Win64; x64) AppleWebKit/537.36 (KHTML, like Gecko) Chrome/107.0.0.0 Safari/537.36"
103.91.179.207 - - [15/Nov/2022:10:22:38 +0800] "OPTIONS /organization?data=eyJuYW1lIjoi5puy5ZGo5Yy76ZmiIn0%3D HTTP/1.1" 200 0 "https://d.xinzhili.cn/" "Mozilla/5.0 (Windows NT 10.0; Win64; x64) AppleWebKit/537.36 (KHTML, like Gecko) Chrome/107.0.0.0 Safari/537.36"
103.91.179.207 - - [15/Nov/2022:10:22:38 +0800] "GET /organization?data=eyJpZCI6InByb2QuV1E3b3BlIiwibmFtZSI6IuWbveWutuW%2Fg%2BiEj%2BeXheS4reW%2Fg%2BmYnOWkluWMu%2BmZoiJ9 HTTP/1.1" 200 62 "https://d.xinzhili.cn/" "Mozilla/5.0 (Windows NT 10.0; Win64; x64) AppleWebKit/537.36 (KHTML, like Gecko) Chrome/107.0.0.0 Safari/537.36"
103.91.179.207 - - [15/Nov/2022:10:22:38 +0800] "GET /organization?data=eyJuYW1lIjoi5puy5ZGo5Yy76ZmiIn0%3D HTTP/1.1" 200 62 "https://d.xinzhili.cn/" "Mozilla/5.0 (Windows NT 10.0; Win64; x64) AppleWebKit/537.36 (KHTML, like Gecko) Chrome/107.0.0.0 Safari/537.36"
103.91.179.207 - - [15/Nov/2022:10:22:46 +0800] "GET /organization?data=eyJpZCI6InByb2QuV1E3b3BlIiwibmFtZSI6IuWbveWutuW%2Fg%2BiEj%2BeXheS4reW%2Fg%2BmYnOWkluWMu%2BmZoiJ9 HTTP/1.1" 200 62 "https://d.xinzhili.cn/" "Mozilla/5.0 (Windows NT 10.0; Win64; x64) AppleWebKit/537.36 (KHTML, like Gecko) Chrome/107.0.0.0 Safari/537.36"
103.91.179.207 - - [15/Nov/2022:10:22:46 +0800] "GET /organization?data=eyJpZCI6InByb2QuZUVMekI0IiwibmFtZSI6IuS4reWbveWMu%2BWtpuenkeWtpumZoumYnOWkluW%2Fg%2BihgOeuoeeXheWMu%2BmZoiJ9 HTTP/1.1" 200 230 "https://d.xinzhili.cn/" "Mozilla/5.0 (Windows NT 10.0; Win64; x64) AppleWebKit/537.36 (KHTML, like Gecko) Chrome/107.0.0.0 Safari/537.36"
114.254.2.83 - - [15/Nov/2022:10:22:51 +0800] "GET /medicine/multiple_params?data=eyJwYWdlQXQiOjEsInBhZ2VTaXplIjoxMCwiYXBwcm92YWxObyI6IiIsImNvbW1vZGl0eU5hbWUiOiIiLCJjb21wYW55TmFtZSI6IiIsImdlbmVyaWNOYW1lIjoi5Y6E6LSd5rKZ5Z2mIn0%3D HTTP/1.1" 200 22859 "-" "Dart/2.15 (dart:io)"
114.254.2.83 - - [15/Nov/2022:10:22:53 +0800] "GET /medicine/multiple_params?data=eyJwYWdlQXQiOjIsInBhZ2VTaXplIjoxMCwiYXBwcm92YWxObyI6IiIsImNvbW1vZGl0eU5hbWUiOiIiLCJjb21wYW55TmFtZSI6IiIsImdlbmVyaWNOYW1lIjoi5Y6E6LSd5rKZ5Z2mIn0%3D HTTP/1.1" 200 36564 "-" "Dart/2.15 (dart:io)"
114.254.2.83 - - [15/Nov/2022:10:22:57 +0800] "GET /medicine/multiple_params?data=eyJwYWdlQXQiOjMsInBhZ2VTaXplIjoxMCwiYXBwcm92YWxObyI6IiIsImNvbW1vZGl0eU5hbWUiOiIiLCJjb21wYW55TmFtZSI6IiIsImdlbmVyaWNOYW1lIjoi5Y6E6LSd5rKZ5Z2mIn0%3D HTTP/1.1" 200 21050 "-" "Dart/2.15 (dart:io)"
175.167.139.155 - - [15/Nov/2022:10:22:59 +0800] "POST /equipment/log HTTP/1.1" 200 32 "-" "Dart/2.15 (dart:io)"
103.91.179.207 - - [15/Nov/2022:10:22:59 +0800] "GET /doctor/organizations HTTP/1.1" 200 9966 "https://d.xinzhili.cn/" "Mozilla/5.0 (Windows NT 10.0; Win64; x64) AppleWebKit/537.36 (KHTML, like Gecko) Chrome/107.0.0.0 Safari/537.36"
175.167.139.155 - - [15/Nov/2022:10:22:59 +0800] "POST /equipment/log HTTP/1.1" 200 32 "-" "Dart/2.15 (dart:io)"
103.91.179.207 - - [15/Nov/2022:10:22:59 +0800] "GET /user/wcl_details?data=eyJ3Y0lkcyI6WyJwcm9kLmVFdzJFVyJdfQ%3D%3D HTTP/1.1" 200 12106 "https://d.xinzhili.cn/" "Mozilla/5.0 (Windows NT 10.0; Win64; x64) AppleWebKit/537.36 (KHTML, like Gecko) Chrome/107.0.0.0 Safari/537.36"
175.167.139.155 - - [15/Nov/2022:10:22:59 +0800] "POST /equipment/log HTTP/1.1" 200 32 "-" "Dart/2.15 (dart:io)"
103.91.179.207 - - [15/Nov/2022:10:22:59 +0800] "GET /sys/message?data=eyJwYWdlQXQiOjEsInBhZ2VTaXplIjoxMH0%3D HTTP/1.1" 200 2946 "https://d.xinzhili.cn/" "Mozilla/5.0 (Windows NT 10.0; Win64; x64) AppleWebKit/537.36 (KHTML, like Gecko) Chrome/107.0.0.0 Safari/537.36"
175.167.139.155 - - [15/Nov/2022:10:22:59 +0800] "GET /v1/ms/sessions?data=eyJwYWdlQXQiOjEsInBhZ2VTaXplIjoxMH0%3D HTTP/1.1" 200 9939 "-" "Dart/2.15 (dart:io)"
103.91.179.207 - - [15/Nov/2022:10:22:59 +0800] "GET /doctor/existed_roles HTTP/1.1" 200 1180 "https://d.xinzhili.cn/" "Mozilla/5.0 (Windows NT 10.0; Win64; x64) AppleWebKit/537.36 (KHTML, like Gecko) Chrome/107.0.0.0 Safari/537.36"
103.91.179.207 - - [15/Nov/2022:10:22:59 +0800] "GET /doctor/existed_roles HTTP/1.1" 200 1180 "https://d.xinzhili.cn/" "Mozilla/5.0 (Windows NT 10.0; Win64; x64) AppleWebKit/537.36 (KHTML, like Gecko) Chrome/107.0.0.0 Safari/537.36"
103.91.179.207 - - [15/Nov/2022:10:22:59 +0800] "GET /doctor/patient_organizations HTTP/1.1" 200 33345 "https://d.xinzhili.cn/" "Mozilla/5.0 (Windows NT 10.0; Win64; x64) AppleWebKit/537.36 (KHTML, like Gecko) Chrome/107.0.0.0 Safari/537.36"
175.167.139.155 - - [15/Nov/2022:10:23:00 +0800] "GET /v1/ms/sessions?data=eyJwYWdlQXQiOjIsInBhZ2VTaXplIjoxMH0%3D HTTP/1.1" 200 9624 "-" "Dart/2.15 (dart:io)"
103.91.179.207 - - [15/Nov/2022:10:23:00 +0800] "GET /doctor/patients/own?data=eyJwYWdlQXQiOjEsInBhZ2VTaXplIjoxMCwic1JvbGUiOiJwcm9kLkwwM0JlYiIsImNvbmRpdGlvbnMiOltdfQ%3D%3D HTTP/1.1" 200 29424 "https://d.xinzhili.cn/" "Mozilla/5.0 (Windows NT 10.0; Win64; x64) AppleWebKit/537.36 (KHTML, like Gecko) Chrome/107.0.0.0 Safari/537.36"
175.167.139.155 - - [15/Nov/2022:10:23:00 +0800] "GET /v1/ms/sessions?data=eyJwYWdlQXQiOjMsInBhZ2VTaXplIjoxMH0%3D HTTP/1.1" 200 8388 "-" "Dart/2.15 (dart:io)"
103.91.179.207 - - [15/Nov/2022:10:23:00 +0800] "GET /doctor/patients/own?data=eyJwYWdlQXQiOjEsInBhZ2VTaXplIjoxMCwic1JvbGUiOiJwcm9kLkwwM0JlYiIsImNvbmRpdGlvbnMiOltdfQ%3D%3D HTTP/1.1" 200 29424 "https://d.xinzhili.cn/" "Mozilla/5.0 (Windows NT 10.0; Win64; x64) AppleWebKit/537.36 (KHTML, like Gecko) Chrome/107.0.0.0 Safari/537.36"
175.167.139.155 - - [15/Nov/2022:10:23:00 +0800] "GET /v1/ms/sessions?data=eyJwYWdlQXQiOjQsInBhZ2VTaXplIjoxMH0%3D HTTP/1.1" 200 8097 "-" "Dart/2.15 (dart:io)"
175.167.139.155 - - [15/Nov/2022:10:23:01 +0800] "GET /v1/ms/sessions?data=eyJwYWdlQXQiOjUsInBhZ2VTaXplIjoxMH0%3D HTTP/1.1" 200 9295 "-" "Dart/2.15 (dart:io)"
175.167.139.155 - - [15/Nov/2022:10:23:01 +0800] "GET /v1/ms/sessions?data=eyJwYWdlQXQiOjYsInBhZ2VTaXplIjoxMH0%3D HTTP/1.1" 200 7595 "-" "Dart/2.15 (dart:io)"
175.167.139.155 - - [15/Nov/2022:10:23:02 +0800] "GET /v1/ms/sessions?data=eyJwYWdlQXQiOjcsInBhZ2VTaXplIjoxMH0%3D HTTP/1.1" 200 7590 "-" "Dart/2.15 (dart:io)"
175.167.139.155 - - [15/Nov/2022:10:23:02 +0800] "GET /v1/ms/sessions?data=eyJwYWdlQXQiOjgsInBhZ2VTaXplIjoxMH0%3D HTTP/1.1" 200 7881 "-" "Dart/2.15 (dart:io)"
114.254.2.83 - - [15/Nov/2022:10:23:03 +0800] "GET /medicine/taboo?data=eyJtZWRpY2luZUlkIjoicHJvZC40TkJCWDEiLCJzaWQiOiJwcm9kLmVFMW12ZSIsInR5cGUiOiJBREpVU1RfTUUifQ%3D%3D HTTP/1.1" 200 694 "-" "Dart/2.15 (dart:io)"
175.167.139.155 - - [15/Nov/2022:10:23:03 +0800] "GET /v1/ms/sessions?data=eyJwYWdlQXQiOjksInBhZ2VTaXplIjoxMH0%3D HTTP/1.1" 200 10385 "-" "Dart/2.15 (dart:io)"
175.167.139.155 - - [15/Nov/2022:10:23:03 +0800] "GET /v1/ms/sessions?data=eyJwYWdlQXQiOjEwLCJwYWdlU2l6ZSI6MTB9 HTTP/1.1" 200 9054 "-" "Dart/2.15 (dart:io)"
175.167.139.155 - - [15/Nov/2022:10:23:04 +0800] "GET /v1/ms/sessions?data=eyJwYWdlQXQiOjExLCJwYWdlU2l6ZSI6MTB9 HTTP/1.1" 200 7549 "-" "Dart/2.15 (dart:io)"
175.167.139.155 - - [15/Nov/2022:10:23:04 +0800] "GET /v1/ms/sessions?data=eyJwYWdlQXQiOjEyLCJwYWdlU2l6ZSI6MTB9 HTTP/1.1" 200 6807 "-" "Dart/2.15 (dart:io)"
175.167.139.155 - - [15/Nov/2022:10:23:04 +0800] "GET /v1/ms/sessions?data=eyJwYWdlQXQiOjEzLCJwYWdlU2l6ZSI6MTB9 HTTP/1.1" 200 58 "-" "Dart/2.15 (dart:io)"
117.136.90.151 - - [15/Nov/2022:10:23:05 +0800] "GET /v1/ms/sessions?data=eyJwYWdlQXQiOjEsInBhZ2VTaXplIjoxMH0%3D HTTP/1.1" 200 56 "-" "Dart/2.15 (dart:io)"
117.136.90.151 - - [15/Nov/2022:10:23:05 +0800] "POST /equipment/log HTTP/1.1" 200 32 "-" "Dart/2.15 (dart:io)"
117.136.90.151 - - [15/Nov/2022:10:23:05 +0800] "POST /equipment/log HTTP/1.1" 200 32 "-" "Dart/2.15 (dart:io)"
117.136.90.151 - - [15/Nov/2022:10:23:05 +0800] "POST /equipment/log HTTP/1.1" 200 32 "-" "Dart/2.15 (dart:io)"
103.91.179.207 - - [15/Nov/2022:10:23:09 +0800] "OPTIONS /doctor/teams?data=eyJwYWdlQXQiOjEsInBhZ2VTaXplIjo5OTk5OSwidGVhbU5TTGFiZWxzIjpbImNocm9uaWNfZGlzZWFzZV90ZWFtIl19 HTTP/1.1" 200 0 "https://d.xinzhili.cn/" "Mozilla/5.0 (Windows NT 10.0; Win64; x64) AppleWebKit/537.36 (KHTML, like Gecko) Chrome/107.0.0.0 Safari/537.36"
103.91.179.207 - - [15/Nov/2022:10:23:10 +0800] "GET /doctor/teams?data=eyJwYWdlQXQiOjEsInBhZ2VTaXplIjo5OTk5OSwidGVhbU5TTGFiZWxzIjpbImNocm9uaWNfZGlzZWFzZV90ZWFtIl19 HTTP/1.1" 200 39632 "https://d.xinzhili.cn/" "Mozilla/5.0 (Windows NT 10.0; Win64; x64) AppleWebKit/537.36 (KHTML, like Gecko) Chrome/107.0.0.0 Safari/537.36"
114.254.2.83 - - [15/Nov/2022:10:23:13 +0800] "GET /medicine/multiple_params?data=eyJwYWdlQXQiOjEsInBhZ2VTaXplIjoxMCwiYXBwcm92YWxObyI6IiIsImNvbW1vZGl0eU5hbWUiOiIiLCJjb21wYW55TmFtZSI6IiIsImdlbmVyaWNOYW1lIjoi5Y6E6LSdIn0%3D HTTP/1.1" 200 22859 "-" "Dart/2.15 (dart:io)"
114.254.2.83 - - [15/Nov/2022:10:23:13 +0800] "GET /medicine/multiple_params?data=eyJwYWdlQXQiOjEsInBhZ2VTaXplIjoxMCwiYXBwcm92YWxObyI6IiIsImNvbW1vZGl0eU5hbWUiOiIiLCJjb21wYW55TmFtZSI6IiIsImdlbmVyaWNOYW1lIjoi5Y6E6LSd5rKZ5Z2mIn0%3D HTTP/1.1" 200 22859 "-" "Dart/2.15 (dart:io)"
114.254.2.83 - - [15/Nov/2022:10:23:17 +0800] "GET /medicine/multiple_params?data=eyJwYWdlQXQiOjIsInBhZ2VTaXplIjoxMCwiYXBwcm92YWxObyI6IiIsImNvbW1vZGl0eU5hbWUiOiIiLCJjb21wYW55TmFtZSI6IiIsImdlbmVyaWNOYW1lIjoi5Y6E6LSd5rKZ5Z2mIn0%3D HTTP/1.1" 200 36564 "-" "Dart/2.15 (dart:io)"
114.254.2.83 - - [15/Nov/2022:10:23:18 +0800] "GET /medicine/multiple_params?data=eyJwYWdlQXQiOjMsInBhZ2VTaXplIjoxMCwiYXBwcm92YWxObyI6IiIsImNvbW1vZGl0eU5hbWUiOiIiLCJjb21wYW55TmFtZSI6IiIsImdlbmVyaWNOYW1lIjoi5Y6E6LSd5rKZ5Z2mIn0%3D HTTP/1.1" 200 21050 "-" "Dart/2.15 (dart:io)"
114.254.2.83 - - [15/Nov/2022:10:23:22 +0800] "GET /medicine/taboo?data=eyJtZWRpY2luZUlkIjoicHJvZC40TkJCWDEiLCJzaWQiOiJwcm9kLmVFMW12ZSIsInR5cGUiOiJBREpVU1RfTUUifQ%3D%3D HTTP/1.1" 200 694 "-" "Dart/2.15 (dart:io)"
60.18.253.238 - - [15/Nov/2022:10:23:22 +0800] "GET /download/flutter/patient HTTP/1.1" 200 644 "-" "Mozilla/5.0 (Linux; Android 12; PDYM20 Build/SP1A.210812.016; wv) AppleWebKit/537.36 (KHTML, like Gecko) Version/4.0 Chrome/86.0.4240.99 XWEB/4343 MMWEBSDK/20220903 Mobile Safari/537.36 MMWEBID/411 MicroMessenger/8.0.28.2240(0x28001C57) WeChat/arm64 Weixin NetType/WIFI Language/zh_CN ABI/arm64"
60.18.253.238 - - [15/Nov/2022:10:23:23 +0800] "GET /static/js/manifest.dbe1df518514ce672ed0.js HTTP/1.1" 200 799 "https://m.xinzhili.cn/download/flutter/patient" "Mozilla/5.0 (Linux; Android 12; PDYM20 Build/SP1A.210812.016; wv) AppleWebKit/537.36 (KHTML, like Gecko) Version/4.0 Chrome/86.0.4240.99 XWEB/4343 MMWEBSDK/20220903 Mobile Safari/537.36 MMWEBID/411 MicroMessenger/8.0.28.2240(0x28001C57) WeChat/arm64 Weixin NetType/WIFI Language/zh_CN ABI/arm64"
60.18.253.238 - - [15/Nov/2022:10:23:23 +0800] "GET /static/css/app.41a9de932f73cc50293eb56cc1e846c7.css HTTP/1.1" 200 136901 "https://m.xinzhili.cn/download/flutter/patient" "Mozilla/5.0 (Linux; Android 12; PDYM20 Build/SP1A.210812.016; wv) AppleWebKit/537.36 (KHTML, like Gecko) Version/4.0 Chrome/86.0.4240.99 XWEB/4343 MMWEBSDK/20220903 Mobile Safari/537.36 MMWEBID/411 MicroMessenger/8.0.28.2240(0x28001C57) WeChat/arm64 Weixin NetType/WIFI Language/zh_CN ABI/arm64"
60.18.253.238 - - [15/Nov/2022:10:23:23 +0800] "GET /static/js/vendor.450b85ae028593909af7.js HTTP/1.1" 200 1404665 "https://m.xinzhili.cn/download/flutter/patient" "Mozilla/5.0 (Linux; Android 12; PDYM20 Build/SP1A.210812.016; wv) AppleWebKit/537.36 (KHTML, like Gecko) Version/4.0 Chrome/86.0.4240.99 XWEB/4343 MMWEBSDK/20220903 Mobile Safari/537.36 MMWEBID/411 MicroMessenger/8.0.28.2240(0x28001C57) WeChat/arm64 Weixin NetType/WIFI Language/zh_CN ABI/arm64"
60.18.253.238 - - [15/Nov/2022:10:23:25 +0800] "GET /static/js/app.73e743991b053fbcc009.js HTTP/1.1" 200 1325855 "https://m.xinzhili.cn/download/flutter/patient" "Mozilla/5.0 (Linux; Android 12; PDYM20 Build/SP1A.210812.016; wv) AppleWebKit/537.36 (KHTML, like Gecko) Version/4.0 Chrome/86.0.4240.99 XWEB/4343 MMWEBSDK/20220903 Mobile Safari/537.36 MMWEBID/411 MicroMessenger/8.0.28.2240(0x28001C57) WeChat/arm64 Weixin NetType/WIFI Language/zh_CN ABI/arm64"
60.18.253.238 - - [15/Nov/2022:10:23:26 +0800] "GET /static/img/downloadDoctorBottom.67337f2.png HTTP/1.1" 200 48069 "https://m.xinzhili.cn/download/flutter/patient" "Mozilla/5.0 (Linux; Android 12; PDYM20 Build/SP1A.210812.016; wv) AppleWebKit/537.36 (KHTML, like Gecko) Version/4.0 Chrome/86.0.4240.99 XWEB/4343 MMWEBSDK/20220903 Mobile Safari/537.36 MMWEBID/411 MicroMessenger/8.0.28.2240(0x28001C57) WeChat/arm64 Weixin NetType/WIFI Language/zh_CN ABI/arm64"
60.18.253.238 - - [15/Nov/2022:10:23:26 +0800] "GET /a55431576b8a8ffb22dd.worker.js HTTP/1.1" 200 881872 "https://m.xinzhili.cn/download/flutter/patient" "Mozilla/5.0 (Linux; Android 12; PDYM20 Build/SP1A.210812.016; wv) AppleWebKit/537.36 (KHTML, like Gecko) Version/4.0 Chrome/86.0.4240.99 XWEB/4343 MMWEBSDK/20220903 Mobile Safari/537.36 MMWEBID/411 MicroMessenger/8.0.28.2240(0x28001C57) WeChat/arm64 Weixin NetType/WIFI Language/zh_CN ABI/arm64"
60.18.253.238 - - [15/Nov/2022:10:23:26 +0800] "GET /static/img/downloadDoctorBg.81ddd2d.png HTTP/1.1" 200 611190 "https://m.xinzhili.cn/download/flutter/patient" "Mozilla/5.0 (Linux; Android 12; PDYM20 Build/SP1A.210812.016; wv) AppleWebKit/537.36 (KHTML, like Gecko) Version/4.0 Chrome/86.0.4240.99 XWEB/4343 MMWEBSDK/20220903 Mobile Safari/537.36 MMWEBID/411 MicroMessenger/8.0.28.2240(0x28001C57) WeChat/arm64 Weixin NetType/WIFI Language/zh_CN ABI/arm64"
60.18.253.238 - - [15/Nov/2022:10:23:26 +0800] "GET /favicon.ico HTTP/1.1" 200 644 "https://m.xinzhili.cn/download/flutter/patient" "Mozilla/5.0 (Linux; Android 12; PDYM20 Build/SP1A.210812.016; wv) AppleWebKit/537.36 (KHTML, like Gecko) Version/4.0 Chrome/86.0.4240.99 XWEB/4343 MMWEBSDK/20220903 Mobile Safari/537.36 MMWEBID/411 MicroMessenger/8.0.28.2240(0x28001C57) WeChat/arm64 Weixin NetType/WIFI Language/zh_CN ABI/arm64"
117.136.90.151 - - [15/Nov/2022:10:23:32 +0800] "GET /v1/ms/sessions?data=eyJwYWdlQXQiOjEsInBhZ2VTaXplIjoxMH0%3D HTTP/1.1" 200 56 "-" "Dart/2.15 (dart:io)"
117.136.90.151 - - [15/Nov/2022:10:23:32 +0800] "POST /equipment/log HTTP/1.1" 200 32 "-" "Dart/2.15 (dart:io)"
117.136.90.151 - - [15/Nov/2022:10:23:32 +0800] "POST /equipment/log HTTP/1.1" 200 32 "-" "Dart/2.15 (dart:io)"
117.136.90.151 - - [15/Nov/2022:10:23:32 +0800] "POST /equipment/log HTTP/1.1" 200 32 "-" "Dart/2.15 (dart:io)"
60.18.253.238 - - [15/Nov/2022:10:23:41 +0800] "GET /download/flutter/patient HTTP/1.1" 200 644 "-" "Mozilla/5.0 (Linux; U; Android 12; zh-cn; PDYM20 Build/SP1A.210812.016) AppleWebKit/537.36 (KHTML, like Gecko) Version/4.0 Chrome/90.0.4430.61 Mobile Safari/537.36 HeyTapBrowser/40.8.5.2"
60.18.253.238 - - [15/Nov/2022:10:23:42 +0800] "GET /static/css/app.41a9de932f73cc50293eb56cc1e846c7.css HTTP/1.1" 200 136901 "https://m.xinzhili.cn/download/flutter/patient" "Mozilla/5.0 (Linux; U; Android 12; zh-cn; PDYM20 Build/SP1A.210812.016) AppleWebKit/537.36 (KHTML, like Gecko) Version/4.0 Chrome/90.0.4430.61 Mobile Safari/537.36 HeyTapBrowser/40.8.5.2"
60.18.253.238 - - [15/Nov/2022:10:23:42 +0800] "GET /static/js/manifest.dbe1df518514ce672ed0.js HTTP/1.1" 200 799 "https://m.xinzhili.cn/download/flutter/patient" "Mozilla/5.0 (Linux; U; Android 12; zh-cn; PDYM20 Build/SP1A.210812.016) AppleWebKit/537.36 (KHTML, like Gecko) Version/4.0 Chrome/90.0.4430.61 Mobile Safari/537.36 HeyTapBrowser/40.8.5.2"
114.254.2.83 - - [15/Nov/2022:10:23:46 +0800] "POST /ms/adjust/medication/message HTTP/1.1" 200 32 "-" "Dart/2.15 (dart:io)"
114.254.2.83 - - [15/Nov/2022:10:23:46 +0800] "GET /medicine_plans?data=eyJzaWQiOiJwcm9kLmVFMW12ZSIsInRpbWVSYW5nZSI6eyJzdGFydCI6MTY2ODQ3OTAyNDk5OCwiZW5kIjpudWxsfSwiaXNDb250YWluc0N1cnJlbnQiOnRydWUsImFnZ3JlZ2F0aW9uVHlwZSI6MH0%3D HTTP/1.1" 200 1805 "-" "Dart/2.15 (dart:io)"
60.18.253.238 - - [15/Nov/2022:10:23:47 +0800] "GET /static/js/app.73e743991b053fbcc009.js HTTP/1.1" 200 1325855 "https://m.xinzhili.cn/download/flutter/patient" "Mozilla/5.0 (Linux; U; Android 12; zh-cn; PDYM20 Build/SP1A.210812.016) AppleWebKit/537.36 (KHTML, like Gecko) Version/4.0 Chrome/90.0.4430.61 Mobile Safari/537.36 HeyTapBrowser/40.8.5.2"
60.18.253.238 - - [15/Nov/2022:10:23:49 +0800] "GET /static/js/vendor.450b85ae028593909af7.js HTTP/1.1" 200 1404665 "https://m.xinzhili.cn/download/flutter/patient" "Mozilla/5.0 (Linux; U; Android 12; zh-cn; PDYM20 Build/SP1A.210812.016) AppleWebKit/537.36 (KHTML, like Gecko) Version/4.0 Chrome/90.0.4430.61 Mobile Safari/537.36 HeyTapBrowser/40.8.5.2"
117.136.90.151 - - [15/Nov/2022:10:23:49 +0800] "GET /v1/ms/sessions?data=eyJwYWdlQXQiOjEsInBhZ2VTaXplIjoxMH0%3D HTTP/1.1" 200 56 "-" "Dart/2.15 (dart:io)"
117.136.90.151 - - [15/Nov/2022:10:23:49 +0800] "POST /equipment/log HTTP/1.1" 200 32 "-" "Dart/2.15 (dart:io)"
117.136.90.151 - - [15/Nov/2022:10:23:49 +0800] "POST /equipment/log HTTP/1.1" 200 32 "-" "Dart/2.15 (dart:io)"
117.136.90.151 - - [15/Nov/2022:10:23:49 +0800] "POST /equipment/log HTTP/1.1" 200 32 "-" "Dart/2.15 (dart:io)"
60.18.253.238 - - [15/Nov/2022:10:23:53 +0800] "GET /static/img/downloadDoctorBottom.67337f2.png HTTP/1.1" 200 48069 "https://m.xinzhili.cn/download/flutter/patient" "Mozilla/5.0 (Linux; U; Android 12; zh-cn; PDYM20 Build/SP1A.210812.016) AppleWebKit/537.36 (KHTML, like Gecko) Version/4.0 Chrome/90.0.4430.61 Mobile Safari/537.36 HeyTapBrowser/40.8.5.2"
60.18.253.238 - - [15/Nov/2022:10:23:54 +0800] "GET /a55431576b8a8ffb22dd.worker.js HTTP/1.1" 200 881872 "https://m.xinzhili.cn/download/flutter/patient" "Mozilla/5.0 (Linux; U; Android 12; zh-cn; PDYM20 Build/SP1A.210812.016) AppleWebKit/537.36 (KHTML, like Gecko) Version/4.0 Chrome/90.0.4430.61 Mobile Safari/537.36 HeyTapBrowser/40.8.5.2"
60.18.253.238 - - [15/Nov/2022:10:23:54 +0800] "GET /static/img/downloadDoctorBg.81ddd2d.png HTTP/1.1" 200 611190 "https://m.xinzhili.cn/download/flutter/patient" "Mozilla/5.0 (Linux; U; Android 12; zh-cn; PDYM20 Build/SP1A.210812.016) AppleWebKit/537.36 (KHTML, like Gecko) Version/4.0 Chrome/90.0.4430.61 Mobile Safari/537.36 HeyTapBrowser/40.8.5.2"
211.154.195.82 - - [15/Nov/2022:10:23:54 +0800] "GET /base/online_config HTTP/1.1" 200 83 "-" "Dart/2.15 (dart:io)"
211.154.195.82 - - [15/Nov/2022:10:23:54 +0800] "GET /box_info/box HTTP/1.1" 200 32 "-" "Dart/2.15 (dart:io)"
211.154.195.82 - - [15/Nov/2022:10:23:54 +0800] "GET /patient/accounts/family/unbind/notice HTTP/1.1" 200 42 "-" "Dart/2.15 (dart:io)"
211.154.195.82 - - [15/Nov/2022:10:23:54 +0800] "POST /equipment/log HTTP/1.1" 200 32 "-" "Dart/2.15 (dart:io)"
211.154.195.82 - - [15/Nov/2022:10:23:54 +0800] "POST /user/operation/log/LOGIN HTTP/1.1" 200 40 "-" "Dart/2.15 (dart:io)"
211.154.195.82 - - [15/Nov/2022:10:23:54 +0800] "GET /v1/ms/patient/session/prod.0ZxZ24 HTTP/1.1" 200 5638 "-" "Dart/2.15 (dart:io)"
211.154.195.82 - - [15/Nov/2022:10:23:54 +0800] "GET /patient/accounts/family/invitation?data=eyJzaWQiOiJwcm9kLmVFMW12ZSJ9 HTTP/1.1" 200 45 "-" "Dart/2.15 (dart:io)"
211.154.195.82 - - [15/Nov/2022:10:23:55 +0800] "GET /patient/team/own HTTP/1.1" 200 9724 "-" "Dart/2.15 (dart:io)"
60.18.253.238 - - [15/Nov/2022:10:23:55 +0800] "GET /favicon.ico HTTP/1.1" 200 644 "https://m.xinzhili.cn/download/flutter/patient" "Mozilla/5.0 (Linux; U; Android 12; zh-cn; PDYM20 Build/SP1A.210812.016) AppleWebKit/537.36 (KHTML, like Gecko) Version/4.0 Chrome/90.0.4430.61 Mobile Safari/537.36 HeyTapBrowser/40.8.5.2"
211.154.195.82 - - [15/Nov/2022:10:23:55 +0800] "GET /v1/ms/yx/im_messages?data=eyJhc3NvY2lhdGVTSWQiOiJwcm9kLmVFMW12ZSIsImxvZ2luU2lkIjoicHJvZC5lRTFtdmUiLCJwYWdlQXQiOjEsInBhZ2VTaXplIjoyMH0%3D HTTP/1.1" 200 18779 "-" "Dart/2.15 (dart:io)"
211.154.195.82 - - [15/Nov/2022:10:23:55 +0800] "GET /user/simple/info?data=eyJzaWQiOiJwcm9kLmVFMW12ZSJ9 HTTP/1.1" 200 68 "-" "Dart/2.15 (dart:io)"
211.154.195.82 - - [15/Nov/2022:10:23:55 +0800] "GET /user/simple/info?data=eyJzaWQiOiJwcm9kLlk0Tkt6ZSJ9 HTTP/1.1" 200 174 "-" "Dart/2.15 (dart:io)"
211.154.195.82 - - [15/Nov/2022:10:23:55 +0800] "GET /user/simple/info?data=eyJzaWQiOiJwcm9kLnBXNm5yVyJ9 HTTP/1.1" 200 174 "-" "Dart/2.15 (dart:io)"
211.154.195.82 - - [15/Nov/2022:10:23:55 +0800] "GET /user/simple/info?data=eyJzaWQiOiJwcm9kLmFlSmswdyJ9 HTTP/1.1" 200 93 "-" "Dart/2.15 (dart:io)"
211.154.195.82 - - [15/Nov/2022:10:23:55 +0800] "GET /base/version/latest?data=eyJhcHBDYXRlZ29yeSI6MSwic3lzdGVtQ2F0ZWdvcnkiOiJJT1MifQ%3D%3D HTTP/1.1" 200 399 "-" "Dart/2.15 (dart:io)"
211.154.195.82 - - [15/Nov/2022:10:23:55 +0800] "GET /research/patient/risk/prod.eE1mve HTTP/1.1" 200 41 "-" "Dart/2.15 (dart:io)"
106.121.128.10 - - [15/Nov/2022:10:24:23 +0800] "POST /equipment/log HTTP/1.1" 200 32 "-" "Dart/2.15 (dart:io)"
106.121.128.10 - - [15/Nov/2022:10:24:23 +0800] "GET /patient/accounts/family/unbind/notice HTTP/1.1" 200 42 "-" "Dart/2.15 (dart:io)"
106.121.128.10 - - [15/Nov/2022:10:24:23 +0800] "GET /patient/accounts/family/invitation?data=eyJzaWQiOiJwcm9kLjROM0dHZSJ9 HTTP/1.1" 200 45 "-" "Dart/2.15 (dart:io)"
106.121.128.10 - - [15/Nov/2022:10:24:25 +0800] "GET /patient/accounts/family/unbind/notice HTTP/1.1" 200 42 "-" "Dart/2.15 (dart:io)"
106.121.128.10 - - [15/Nov/2022:10:24:25 +0800] "GET /medicine_plans?data=eyJzaWQiOiJwcm9kLjROM0dHZSIsInRpbWVSYW5nZSI6eyJzdGFydCI6MTY2ODQ0MTYwMDAwMCwiZW5kIjoxNjY4NTI3OTQwMDAwfSwiaXNDb250YWluc0N1cnJlbnQiOnRydWUsImFnZ3JlZ2F0aW9uVHlwZSI6MX0%3D HTTP/1.1" 200 2866 "-" "Dart/2.15 (dart:io)"
106.121.128.10 - - [15/Nov/2022:10:24:25 +0800] "GET /patient/accounts/family/invitation?data=eyJzaWQiOiJwcm9kLjROM0dHZSJ9 HTTP/1.1" 200 45 "-" "Dart/2.15 (dart:io)"
106.121.128.10 - - [15/Nov/2022:10:24:26 +0800] "GET /patient/accounts/family/unbind/notice HTTP/1.1" 200 42 "-" "Dart/2.15 (dart:io)"
106.121.128.10 - - [15/Nov/2022:10:24:26 +0800] "GET /patient/accounts/family/invitation?data=eyJzaWQiOiJwcm9kLjROM0dHZSJ9 HTTP/1.1" 200 45 "-" "Dart/2.15 (dart:io)"
60.18.253.238 - - [15/Nov/2022:10:24:27 +0800] "GET /download/flutter/patient HTTP/1.1" 200 644 "-" "Mozilla/5.0 (Linux; Android 8.0.0; LDN-AL20 Build/HUAWEILDN-AL20; wv) AppleWebKit/537.36 (KHTML, like Gecko) Version/4.0 Chrome/86.0.4240.99 XWEB/4317 MMWEBSDK/20220903 Mobile Safari/537.36 MMWEBID/1025 MicroMessenger/8.0.28.2240(0x28001C57) WeChat/arm64 Weixin NetType/WIFI Language/zh_CN ABI/arm64"
60.18.253.238 - - [15/Nov/2022:10:24:28 +0800] "GET /static/js/manifest.dbe1df518514ce672ed0.js HTTP/1.1" 200 799 "https://m.xinzhili.cn/download/flutter/patient" "Mozilla/5.0 (Linux; Android 8.0.0; LDN-AL20 Build/HUAWEILDN-AL20; wv) AppleWebKit/537.36 (KHTML, like Gecko) Version/4.0 Chrome/86.0.4240.99 XWEB/4317 MMWEBSDK/20220903 Mobile Safari/537.36 MMWEBID/1025 MicroMessenger/8.0.28.2240(0x28001C57) WeChat/arm64 Weixin NetType/WIFI Language/zh_CN ABI/arm64"
60.18.253.238 - - [15/Nov/2022:10:24:28 +0800] "GET /static/css/app.41a9de932f73cc50293eb56cc1e846c7.css HTTP/1.1" 200 136901 "https://m.xinzhili.cn/download/flutter/patient" "Mozilla/5.0 (Linux; Android 8.0.0; LDN-AL20 Build/HUAWEILDN-AL20; wv) AppleWebKit/537.36 (KHTML, like Gecko) Version/4.0 Chrome/86.0.4240.99 XWEB/4317 MMWEBSDK/20220903 Mobile Safari/537.36 MMWEBID/1025 MicroMessenger/8.0.28.2240(0x28001C57) WeChat/arm64 Weixin NetType/WIFI Language/zh_CN ABI/arm64"
60.18.253.238 - - [15/Nov/2022:10:24:31 +0800] "GET /static/js/app.73e743991b053fbcc009.js HTTP/1.1" 200 1325855 "https://m.xinzhili.cn/download/flutter/patient" "Mozilla/5.0 (Linux; Android 8.0.0; LDN-AL20 Build/HUAWEILDN-AL20; wv) AppleWebKit/537.36 (KHTML, like Gecko) Version/4.0 Chrome/86.0.4240.99 XWEB/4317 MMWEBSDK/20220903 Mobile Safari/537.36 MMWEBID/1025 MicroMessenger/8.0.28.2240(0x28001C57) WeChat/arm64 Weixin NetType/WIFI Language/zh_CN ABI/arm64"
60.18.253.238 - - [15/Nov/2022:10:24:32 +0800] "GET /static/js/vendor.450b85ae028593909af7.js HTTP/1.1" 200 1404665 "https://m.xinzhili.cn/download/flutter/patient" "Mozilla/5.0 (Linux; Android 8.0.0; LDN-AL20 Build/HUAWEILDN-AL20; wv) AppleWebKit/537.36 (KHTML, like Gecko) Version/4.0 Chrome/86.0.4240.99 XWEB/4317 MMWEBSDK/20220903 Mobile Safari/537.36 MMWEBID/1025 MicroMessenger/8.0.28.2240(0x28001C57) WeChat/arm64 Weixin NetType/WIFI Language/zh_CN ABI/arm64"
60.18.253.238 - - [15/Nov/2022:10:24:34 +0800] "GET /static/img/downloadDoctorBottom.67337f2.png HTTP/1.1" 200 48069 "https://m.xinzhili.cn/download/flutter/patient" "Mozilla/5.0 (Linux; Android 8.0.0; LDN-AL20 Build/HUAWEILDN-AL20; wv) AppleWebKit/537.36 (KHTML, like Gecko) Version/4.0 Chrome/86.0.4240.99 XWEB/4317 MMWEBSDK/20220903 Mobile Safari/537.36 MMWEBID/1025 MicroMessenger/8.0.28.2240(0x28001C57) WeChat/arm64 Weixin NetType/WIFI Language/zh_CN ABI/arm64"
60.18.253.238 - - [15/Nov/2022:10:24:35 +0800] "GET /static/img/downloadDoctorBg.81ddd2d.png HTTP/1.1" 200 611190 "https://m.xinzhili.cn/download/flutter/patient" "Mozilla/5.0 (Linux; Android 8.0.0; LDN-AL20 Build/HUAWEILDN-AL20; wv) AppleWebKit/537.36 (KHTML, like Gecko) Version/4.0 Chrome/86.0.4240.99 XWEB/4317 MMWEBSDK/20220903 Mobile Safari/537.36 MMWEBID/1025 MicroMessenger/8.0.28.2240(0x28001C57) WeChat/arm64 Weixin NetType/WIFI Language/zh_CN ABI/arm64"
60.18.253.238 - - [15/Nov/2022:10:24:36 +0800] "GET /a55431576b8a8ffb22dd.worker.js HTTP/1.1" 200 881872 "https://m.xinzhili.cn/download/flutter/patient" "Mozilla/5.0 (Linux; Android 8.0.0; LDN-AL20 Build/HUAWEILDN-AL20; wv) AppleWebKit/537.36 (KHTML, like Gecko) Version/4.0 Chrome/86.0.4240.99 XWEB/4317 MMWEBSDK/20220903 Mobile Safari/537.36 MMWEBID/1025 MicroMessenger/8.0.28.2240(0x28001C57) WeChat/arm64 Weixin NetType/WIFI Language/zh_CN ABI/arm64"
60.18.253.238 - - [15/Nov/2022:10:24:37 +0800] "GET /favicon.ico HTTP/1.1" 200 644 "https://m.xinzhili.cn/download/flutter/patient" "Mozilla/5.0 (Linux; Android 8.0.0; LDN-AL20 Build/HUAWEILDN-AL20; wv) AppleWebKit/537.36 (KHTML, like Gecko) Version/4.0 Chrome/86.0.4240.99 XWEB/4317 MMWEBSDK/20220903 Mobile Safari/537.36 MMWEBID/1025 MicroMessenger/8.0.28.2240(0x28001C57) WeChat/arm64 Weixin NetType/WIFI Language/zh_CN ABI/arm64"
117.136.90.151 - - [15/Nov/2022:10:24:39 +0800] "PATCH /user/settings/info/own HTTP/1.1" 200 32 "-" "Dart/2.15 (dart:io)"
117.136.90.151 - - [15/Nov/2022:10:24:39 +0800] "GET /user/wcl_details?data=eyJ3Y0lkcyI6WyJwcm9kLmVBVmFaMCJdfQ%3D%3D HTTP/1.1" 200 2275 "-" "Dart/2.15 (dart:io)"
117.136.90.151 - - [15/Nov/2022:10:24:40 +0800] "GET /doctor/organizations HTTP/1.1" 200 7577 "-" "Dart/2.15 (dart:io)"
114.254.2.83 - - [15/Nov/2022:10:24:55 +0800] "POST /v1/ms/yx/message HTTP/1.1" 200 69 "-" "Dart/2.15 (dart:io)"
114.254.2.83 - - [15/Nov/2022:10:24:58 +0800] "GET /research/project/prod.eE1mve HTTP/1.1" 200 39 "-" "Dart/2.15 (dart:io)"
52.77.61.48 - - [15/Nov/2022:10:25:03 +0800] "GET /.well-known/apple-app-site-association HTTP/1.1" 200 172 "-" "AASA-Bot/1.0.0"
114.254.2.83 - - [15/Nov/2022:10:25:09 +0800] "GET /research/project/prod.eE1mve HTTP/1.1" 200 39 "-" "Dart/2.15 (dart:io)"
114.254.2.83 - - [15/Nov/2022:10:25:11 +0800] "GET /research/project/prod.eE1mve HTTP/1.1" 200 39 "-" "Dart/2.15 (dart:io)"
60.18.253.238 - - [15/Nov/2022:10:25:27 +0800] "GET /download/flutter/patient HTTP/1.1" 200 644 "-" "Mozilla/5.0 (Linux; Android 8.0.0; LDN-AL20; HMSCore 6.8.0.311) AppleWebKit/537.36 (KHTML, like Gecko) Chrome/99.0.4844.88 HuaweiBrowser/12.1.3.362 Mobile Safari/537.36"
60.18.253.238 - - [15/Nov/2022:10:25:30 +0800] "GET /static/css/app.41a9de932f73cc50293eb56cc1e846c7.css HTTP/1.1" 200 136901 "https://m.xinzhili.cn/download/flutter/patient" "Mozilla/5.0 (Linux; Android 8.0.0; LDN-AL20; HMSCore 6.8.0.311) AppleWebKit/537.36 (KHTML, like Gecko) Chrome/99.0.4844.88 HuaweiBrowser/12.1.3.362 Mobile Safari/537.36"
60.18.253.238 - - [15/Nov/2022:10:25:31 +0800] "GET /static/js/manifest.dbe1df518514ce672ed0.js HTTP/1.1" 200 799 "https://m.xinzhili.cn/download/flutter/patient" "Mozilla/5.0 (Linux; Android 8.0.0; LDN-AL20; HMSCore 6.8.0.311) AppleWebKit/537.36 (KHTML, like Gecko) Chrome/99.0.4844.88 HuaweiBrowser/12.1.3.362 Mobile Safari/537.36"
60.18.253.238 - - [15/Nov/2022:10:25:33 +0800] "GET /static/js/vendor.450b85ae028593909af7.js HTTP/1.1" 200 1404665 "https://m.xinzhili.cn/download/flutter/patient" "Mozilla/5.0 (Linux; Android 8.0.0; LDN-AL20; HMSCore 6.8.0.311) AppleWebKit/537.36 (KHTML, like Gecko) Chrome/99.0.4844.88 HuaweiBrowser/12.1.3.362 Mobile Safari/537.36"
60.18.253.238 - - [15/Nov/2022:10:25:34 +0800] "GET /static/img/shareWx.d152572.svg HTTP/1.1" 200 11183 "https://m.xinzhili.cn/download/flutter/patient" "Mozilla/5.0 (Linux; Android 8.0.0; LDN-AL20 Build/HUAWEILDN-AL20; wv) AppleWebKit/537.36 (KHTML, like Gecko) Version/4.0 Chrome/86.0.4240.99 XWEB/4317 MMWEBSDK/20220903 Mobile Safari/537.36 MMWEBID/1025 MicroMessenger/8.0.28.2240(0x28001C57) WeChat/arm64 Weixin NetType/WIFI Language/zh_CN ABI/arm64"
114.254.2.83 - - [15/Nov/2022:10:25:36 +0800] "POST /v1/ms/yx/message HTTP/1.1" 200 69 "-" "Dart/2.15 (dart:io)"
211.154.195.82 - - [15/Nov/2022:10:25:39 +0800] "GET /patient/accounts/family/unbind/notice HTTP/1.1" 200 42 "-" "Dart/2.15 (dart:io)"
211.154.195.82 - - [15/Nov/2022:10:25:39 +0800] "POST /equipment/log HTTP/1.1" 200 32 "-" "Dart/2.15 (dart:io)"
211.154.195.82 - - [15/Nov/2022:10:25:39 +0800] "GET /patient/accounts/family/invitation?data=eyJzaWQiOiJwcm9kLmVFMW12ZSJ9 HTTP/1.1" 200 45 "-" "Dart/2.15 (dart:io)"
114.254.2.83 - - [15/Nov/2022:10:25:39 +0800] "GET /research/project/prod.eE1mve HTTP/1.1" 200 39 "-" "Dart/2.15 (dart:io)"
60.18.253.238 - - [15/Nov/2022:10:25:39 +0800] "GET /static/js/app.73e743991b053fbcc009.js HTTP/1.1" 200 1325855 "https://m.xinzhili.cn/download/flutter/patient" "Mozilla/5.0 (Linux; Android 8.0.0; LDN-AL20; HMSCore 6.8.0.311) AppleWebKit/537.36 (KHTML, like Gecko) Chrome/99.0.4844.88 HuaweiBrowser/12.1.3.362 Mobile Safari/537.36"
60.18.253.238 - - [15/Nov/2022:10:25:40 +0800] "GET /download/flutter/patient HTTP/1.1" 304 0 "-" "Mozilla/5.0 (Linux; Android 8.0.0; LDN-AL20; HMSCore 6.8.0.311) AppleWebKit/537.36 (KHTML, like Gecko) Chrome/99.0.4844.88 HuaweiBrowser/12.1.3.362 Mobile Safari/537.36"
114.254.2.83 - - [15/Nov/2022:10:25:41 +0800] "GET /v1/ms/session/detail/34251623470444?data=eyJzZXNzaW9uX2lkIjoiMzQyNTE2MjM0NzA0NDQifQ%3D%3D HTTP/1.1" 200 935 "-" "Dart/2.15 (dart:io)"
114.254.2.83 - - [15/Nov/2022:10:25:42 +0800] "PATCH /v1/ms/session HTTP/1.1" 200 32 "-" "Dart/2.15 (dart:io)"
114.254.2.83 - - [15/Nov/2022:10:25:43 +0800] "GET /v1/ms/session/detail/133601623425220?data=eyJzZXNzaW9uX2lkIjoiMTMzNjAxNjIzNDI1MjIwIn0%3D HTTP/1.1" 200 1016 "-" "Dart/2.15 (dart:io)"
114.254.2.83 - - [15/Nov/2022:10:25:43 +0800] "PATCH /v1/ms/session HTTP/1.1" 200 32 "-" "Dart/2.15 (dart:io)"
114.254.2.83 - - [15/Nov/2022:10:25:43 +0800] "POST /ms/unread/count HTTP/1.1" 200 42 "-" "Dart/2.15 (dart:io)"
114.254.2.83 - - [15/Nov/2022:10:25:43 +0800] "GET /doctor/patients/own?data=eyJ0YXJnZXRTSWQiOiJwcm9kLjRxQWpKNCIsInNpZCI6InByb2QucFc2bnJXIn0%3D HTTP/1.1" 200 3658 "-" "Dart/2.15 (dart:io)"
114.254.2.83 - - [15/Nov/2022:10:25:43 +0800] "GET /life/status?data=eyJ3Y0lkIjoicHJvZC4wM0FHSjQiLCJwYWdlQXQiOjEsInBhZ2VTaXplIjoxLCJzdGFydFRpbWUiOjE2NjgzNTUyMDAwMDAsImVuZFRpbWUiOjE2Njg0NDE2MDAwMDAsInR5cGUiOiJTVEVQIiwic2lkIjoicHJvZC40cUFqSjQifQ%3D%3D HTTP/1.1" 200 185 "-" "Dart/2.15 (dart:io)"
114.254.2.83 - - [15/Nov/2022:10:25:43 +0800] "GET /user/wcl_details?data=eyJ3Y0lkcyI6WyJwcm9kLjAzQUdKNCJdfQ%3D%3D HTTP/1.1" 200 2561 "-" "Dart/2.15 (dart:io)"
114.254.2.83 - - [15/Nov/2022:10:25:43 +0800] "GET /research/show/end_event/prod.4qAjJ4 HTTP/1.1" 200 57 "-" "Dart/2.15 (dart:io)"
114.254.2.83 - - [15/Nov/2022:10:25:43 +0800] "GET /diagnosis/treatment?data=eyJzaWQiOiJwcm9kLjRxQWpKNCJ9 HTTP/1.1" 200 285 "-" "Dart/2.15 (dart:io)"
